
> cms-estrella-sur@0.1.0 build
> next build --turbopack

   Γû▓ Next.js 15.5.4 (Turbopack)
   - Environments: .env

   Creating an optimized production build ...
node.exe : [baseline-browser-mapping] The data in this module is over two months old.  To ensure accurate Baseline 
data, please update: `npm i baseline-browser-mapping@latest -D`
At C:\Program Files\nodejs\npm.ps1:29 char:3
+   & $NODE_EXE $NPM_CLI_JS $args
+   ~~~~~~~~~~~~~~~~~~~~~~~~~~~~~
    + CategoryInfo          : NotSpecified: ([baseline-brows...ping@latest -D`:String) [], RemoteException
    + FullyQualifiedErrorId : NativeCommandError
 
 Γ£ô Finished writing to disk in 482ms
 Γ£ô Compiled successfully in 8.3s
   Linting and checking validity of types ...

./src/app/api/admin/convocatorias/route.ts
25:18  Warning: Unexpected any. Specify a different type.  @typescript-eslint/no-explicit-any
46:20  Warning: Unexpected any. Specify a different type.  @typescript-eslint/no-explicit-any

./src/app/api/admin/volunteer-applications/route.ts
22:18  Warning: Unexpected any. Specify a different type.  @typescript-eslint/no-explicit-any

./src/app/api/allies/route.ts
60:47  Warning: Unexpected any. Specify a different type.  @typescript-eslint/no-explicit-any

./src/app/api/allies/[id]/toggle-featured/route.ts
43:10  Warning: Unexpected any. Specify a different type.  @typescript-eslint/no-explicit-any
59:12  Warning: Unexpected any. Specify a different type.  @typescript-eslint/no-explicit-any
92:10  Warning: Unexpected any. Specify a different type.  @typescript-eslint/no-explicit-any

./src/app/api/analytics/route.ts
6:32  Warning: Unexpected any. Specify a different type.  @typescript-eslint/no-explicit-any
30:34  Warning: Unexpected any. Specify a different type.  @typescript-eslint/no-explicit-any

./src/app/api/annual-goals/route.ts
138:23  Warning: Unexpected any. Specify a different type.  @typescript-eslint/no-explicit-any

./src/app/api/auth/change-password/route.ts
11:32  Warning: Unexpected any. Specify a different type.  @typescript-eslint/no-explicit-any

./src/app/api/auth/mandatory-change-password/route.ts
12:32  Warning: Unexpected any. Specify a different type.  @typescript-eslint/no-explicit-any
16:47  Warning: Unexpected any. Specify a different type.  @typescript-eslint/no-explicit-any

./src/app/api/donation-projects/route.ts
89:18  Warning: Unexpected any. Specify a different type.  @typescript-eslint/no-explicit-any

./src/app/api/donation-projects/stats/route.ts
1:10  Warning: 'NextRequest' is defined but never used. Allowed unused vars must match /^_/u.  @typescript-eslint/no-unused-vars

./src/app/api/donations/route.ts
87:18  Warning: Unexpected any. Specify a different type.  @typescript-eslint/no-explicit-any

./src/app/api/donations/stats/route.ts
1:10  Warning: 'NextRequest' is defined but never used. Allowed unused vars must match /^_/u.  @typescript-eslint/no-unused-vars

./src/app/api/donations/[id]/route.ts
183:23  Warning: Unexpected any. Specify a different type.  @typescript-eslint/no-explicit-any

./src/app/api/events/route.ts
20:18  Warning: Unexpected any. Specify a different type.  @typescript-eslint/no-explicit-any
46:20  Warning: Unexpected any. Specify a different type.  @typescript-eslint/no-explicit-any
78:48  Warning: Unexpected any. Specify a different type.  @typescript-eslint/no-explicit-any

./src/app/api/events/[id]/route.ts
102:23  Warning: Unexpected any. Specify a different type.  @typescript-eslint/no-explicit-any

./src/app/api/news/route.ts
20:18  Warning: Unexpected any. Specify a different type.  @typescript-eslint/no-explicit-any
46:20  Warning: Unexpected any. Specify a different type.  @typescript-eslint/no-explicit-any
96:44  Warning: Unexpected any. Specify a different type.  @typescript-eslint/no-explicit-any

./src/app/api/news/[id]/route.ts
43:12  Warning: Unexpected any. Specify a different type.  @typescript-eslint/no-explicit-any
235:12  Warning: Unexpected any. Specify a different type.  @typescript-eslint/no-explicit-any

./src/app/api/projects/route.ts
20:18  Warning: Unexpected any. Specify a different type.  @typescript-eslint/no-explicit-any
47:20  Warning: Unexpected any. Specify a different type.  @typescript-eslint/no-explicit-any

./src/app/api/projects/[id]/route.ts
164:23  Warning: Unexpected any. Specify a different type.  @typescript-eslint/no-explicit-any

./src/app/api/public/convocatorias/route.ts
14:18  Warning: Unexpected any. Specify a different type.  @typescript-eslint/no-explicit-any
38:20  Warning: Unexpected any. Specify a different type.  @typescript-eslint/no-explicit-any

./src/app/api/public/donation-projects/route.ts
13:18  Warning: Unexpected any. Specify a different type.  @typescript-eslint/no-explicit-any

./src/app/api/public/methodologies/route.ts
14:18  Warning: Unexpected any. Specify a different type.  @typescript-eslint/no-explicit-any
89:30  Warning: Unexpected any. Specify a different type.  @typescript-eslint/no-explicit-any

./src/app/api/public/news/related/route.ts
19:18  Warning: Unexpected any. Specify a different type.  @typescript-eslint/no-explicit-any

./src/app/api/public/programas/route.ts
13:18  Warning: Unexpected any. Specify a different type.  @typescript-eslint/no-explicit-any

./src/app/api/public/projects/route.ts
14:18  Warning: Unexpected any. Specify a different type.  @typescript-eslint/no-explicit-any
33:20  Warning: Unexpected any. Specify a different type.  @typescript-eslint/no-explicit-any

./src/app/api/public/resources/route.ts
16:18  Warning: Unexpected any. Specify a different type.  @typescript-eslint/no-explicit-any
42:20  Warning: Unexpected any. Specify a different type.  @typescript-eslint/no-explicit-any

./src/app/api/public/stories/route.ts
43:19  Warning: Unexpected any. Specify a different type.  @typescript-eslint/no-explicit-any

./src/app/api/public/transparency/route.ts
16:18  Warning: Unexpected any. Specify a different type.  @typescript-eslint/no-explicit-any
42:20  Warning: Unexpected any. Specify a different type.  @typescript-eslint/no-explicit-any

./src/app/api/public/video-testimonials/route.ts
15:18  Warning: Unexpected any. Specify a different type.  @typescript-eslint/no-explicit-any

./src/app/api/resources/route.ts
22:18  Warning: Unexpected any. Specify a different type.  @typescript-eslint/no-explicit-any
56:20  Warning: Unexpected any. Specify a different type.  @typescript-eslint/no-explicit-any

./src/app/api/resources/[id]/route.ts
301:27  Warning: Unexpected any. Specify a different type.  @typescript-eslint/no-explicit-any

./src/app/api/roles/route.ts
1:10  Warning: 'NextRequest' is defined but never used. Allowed unused vars must match /^_/u.  @typescript-eslint/no-unused-vars

./src/app/api/spaces/delete/route.ts
56:19  Warning: Unexpected any. Specify a different type.  @typescript-eslint/no-explicit-any

./src/app/api/stories/route.ts
21:18  Warning: Unexpected any. Specify a different type.  @typescript-eslint/no-explicit-any
60:50  Warning: Unexpected any. Specify a different type.  @typescript-eslint/no-explicit-any

./src/app/api/transparency/route.ts
21:18  Warning: Unexpected any. Specify a different type.  @typescript-eslint/no-explicit-any
52:20  Warning: Unexpected any. Specify a different type.  @typescript-eslint/no-explicit-any

./src/app/api/users/route.ts
24:18  Warning: Unexpected any. Specify a different type.  @typescript-eslint/no-explicit-any
42:20  Warning: Unexpected any. Specify a different type.  @typescript-eslint/no-explicit-any

./src/app/api/users/[id]/route.ts
13:58  Warning: 'authenticatedRequest' is defined but never used. Allowed unused args must match /^_/u.  @typescript-eslint/no-unused-vars
183:39  Warning: Unexpected any. Specify a different type.  @typescript-eslint/no-explicit-any

./src/app/api/video-testimonials/route.ts
19:18  Warning: Unexpected any. Specify a different type.  @typescript-eslint/no-explicit-any

./src/app/auth/sign-in/page.tsx
49:14  Warning: 'error' is defined but never used. Allowed unused caught errors must match /^_/u.  @typescript-eslint/no-unused-vars

./src/app/contacto/page.tsx
6:78  Warning: 'Users' is defined but never used. Allowed unused vars must match /^_/u.  @typescript-eslint/no-unused-vars
6:85  Warning: 'Shield' is defined but never used. Allowed unused vars must match /^_/u.  @typescript-eslint/no-unused-vars
6:93  Warning: 'Heart' is defined but never used. Allowed unused vars must match /^_/u.  @typescript-eslint/no-unused-vars
8:8  Warning: 'Link' is defined but never used. Allowed unused vars must match /^_/u.  @typescript-eslint/no-unused-vars
1082:25  Warning: Using `<img>` could result in slower LCP and higher bandwidth. Consider using `<Image />` from `next/image` or a custom image loader to automatically optimize images. This may incur additional usage or cost from your provider. See: https://nextjs.org/docs/messages/no-img-element  @next/next/no-img-element
1092:27  Warning: `"` can be escaped with `&quot;`, `&ldquo;`, `&#34;`, `&rdquo;`.  react/no-unescaped-entities
1093:99  Warning: `"` can be escaped with `&quot;`, `&ldquo;`, `&#34;`, `&rdquo;`.  react/no-unescaped-entities

./src/app/convocatorias/page.tsx
37:46  Warning: Unexpected any. Specify a different type.  @typescript-eslint/no-explicit-any
83:9  Warning: 'isActive' is assigned a value but never used. Allowed unused vars must match /^_/u.  @typescript-eslint/no-unused-vars

./src/app/convocatorias/[id]/page.tsx
22:17  Warning: Unexpected any. Specify a different type.  @typescript-eslint/no-explicit-any
391:66  Warning: Unexpected any. Specify a different type.  @typescript-eslint/no-explicit-any
412:53  Warning: Unexpected any. Specify a different type.  @typescript-eslint/no-explicit-any

./src/app/dashboard/convocatorias/postulaciones/page.tsx
30:17  Warning: 'session' is assigned a value but never used. Allowed unused vars must match /^_/u.  @typescript-eslint/no-unused-vars
51:6  Warning: React Hook useEffect has a missing dependency: 'fetchApplications'. Either include it or remove the dependency array.  react-hooks/exhaustive-deps
142:9  Warning: 'getStatusIcon' is assigned a value but never used. Allowed unused vars must match /^_/u.  @typescript-eslint/no-unused-vars
442:26  Warning: `"` can be escaped with `&quot;`, `&ldquo;`, `&#34;`, `&rdquo;`.  react/no-unescaped-entities
442:68  Warning: `"` can be escaped with `&quot;`, `&ldquo;`, `&#34;`, `&rdquo;`.  react/no-unescaped-entities

./src/app/dashboard/donaciones/page.tsx
279:9  Warning: 'handleQuickApprove' is assigned a value but never used. Allowed unused vars must match /^_/u.  @typescript-eslint/no-unused-vars

./src/app/dashboard/historias/page.tsx
14:71  Warning: 'Download' is defined but never used. Allowed unused vars must match /^_/u.  @typescript-eslint/no-unused-vars
15:27  Warning: 'getImagePlaceholderData' is defined but never used. Allowed unused vars must match /^_/u.  @typescript-eslint/no-unused-vars
111:45  Warning: Unexpected any. Specify a different type.  @typescript-eslint/no-explicit-any
245:57  Warning: Unexpected any. Specify a different type.  @typescript-eslint/no-explicit-any
361:34  Warning: Unexpected any. Specify a different type.  @typescript-eslint/no-explicit-any

./src/app/dashboard/metas-anuales/page.tsx
5:29  Warning: 'CardHeader' is defined but never used. Allowed unused vars must match /^_/u.  @typescript-eslint/no-unused-vars
5:41  Warning: 'CardTitle' is defined but never used. Allowed unused vars must match /^_/u.  @typescript-eslint/no-unused-vars
13:3  Warning: 'DollarSign' is defined but never used. Allowed unused vars must match /^_/u.  @typescript-eslint/no-unused-vars

./src/app/dashboard/page.tsx
4:10  Warning: 'Card' is defined but never used. Allowed unused vars must match /^_/u.  @typescript-eslint/no-unused-vars
4:16  Warning: 'CardContent' is defined but never used. Allowed unused vars must match /^_/u.  @typescript-eslint/no-unused-vars
4:29  Warning: 'CardDescription' is defined but never used. Allowed unused vars must match /^_/u.  @typescript-eslint/no-unused-vars
4:46  Warning: 'CardHeader' is defined but never used. Allowed unused vars must match /^_/u.  @typescript-eslint/no-unused-vars
4:58  Warning: 'CardTitle' is defined but never used. Allowed unused vars must match /^_/u.  @typescript-eslint/no-unused-vars

./src/app/dashboard/proyectos-donacion/page.tsx
5:29  Warning: 'CardHeader' is defined but never used. Allowed unused vars must match /^_/u.  @typescript-eslint/no-unused-vars
5:41  Warning: 'CardTitle' is defined but never used. Allowed unused vars must match /^_/u.  @typescript-eslint/no-unused-vars
74:10  Warning: 'loading' is assigned a value but never used. Allowed unused vars must match /^_/u.  @typescript-eslint/no-unused-vars

./src/app/dashboard/users/page.tsx
520:3  Warning: 'onEditUser' is defined but never used. Allowed unused args must match /^_/u.  @typescript-eslint/no-unused-vars

./src/app/dashboard/videos-testimoniales/page.tsx
12:52  Warning: 'Download' is defined but never used. Allowed unused vars must match /^_/u.  @typescript-eslint/no-unused-vars
105:45  Warning: Unexpected any. Specify a different type.  @typescript-eslint/no-explicit-any
260:57  Warning: Unexpected any. Specify a different type.  @typescript-eslint/no-explicit-any
386:34  Warning: Unexpected any. Specify a different type.  @typescript-eslint/no-explicit-any
401:3  Warning: 'onToggleStatus' is defined but never used. Allowed unused args must match /^_/u.  @typescript-eslint/no-unused-vars
402:3  Warning: 'onToggleFeatured' is defined but never used. Allowed unused args must match /^_/u.  @typescript-eslint/no-unused-vars
450:19  Warning: Using `<img>` could result in slower LCP and higher bandwidth. Consider using `<Image />` from `next/image` or a custom image loader to automatically optimize images. This may incur additional usage or cost from your provider. See: https://nextjs.org/docs/messages/no-img-element  @next/next/no-img-element
575:21  Warning: Using `<img>` could result in slower LCP and higher bandwidth. Consider using `<Image />` from `next/image` or a custom image loader to automatically optimize images. This may incur additional usage or cost from your provider. See: https://nextjs.org/docs/messages/no-img-element  @next/next/no-img-element

./src/app/dashboard/voluntariados/page.tsx
9:48  Warning: 'Calendar' is defined but never used. Allowed unused vars must match /^_/u.  @typescript-eslint/no-unused-vars
33:17  Warning: 'session' is assigned a value but never used. Allowed unused vars must match /^_/u.  @typescript-eslint/no-unused-vars
51:6  Warning: React Hook useEffect has a missing dependency: 'fetchApplications'. Either include it or remove the dependency array.  react-hooks/exhaustive-deps
95:9  Warning: 'deleteApplication' is assigned a value but never used. Allowed unused vars must match /^_/u.  @typescript-eslint/no-unused-vars
462:26  Warning: `"` can be escaped with `&quot;`, `&ldquo;`, `&#34;`, `&rdquo;`.  react/no-unescaped-entities
462:68  Warning: `"` can be escaped with `&quot;`, `&ldquo;`, `&#34;`, `&rdquo;`.  react/no-unescaped-entities

./src/app/donar/page.tsx
5:29  Warning: 'CardHeader' is defined but never used. Allowed unused vars must match /^_/u.  @typescript-eslint/no-unused-vars
7:42  Warning: 'DollarSign' is defined but never used. Allowed unused vars must match /^_/u.  @typescript-eslint/no-unused-vars
7:54  Warning: 'ExternalLink' is defined but never used. Allowed unused vars must match /^_/u.  @typescript-eslint/no-unused-vars
7:68  Warning: 'ArrowRight' is defined but never used. Allowed unused vars must match /^_/u.  @typescript-eslint/no-unused-vars
7:80  Warning: 'Share2' is defined but never used. Allowed unused vars must match /^_/u.  @typescript-eslint/no-unused-vars
262:23  Warning: Using `<img>` could result in slower LCP and higher bandwidth. Consider using `<Image />` from `next/image` or a custom image loader to automatically optimize images. This may incur additional usage or cost from your provider. See: https://nextjs.org/docs/messages/no-img-element  @next/next/no-img-element

./src/app/donar/[id]/page.tsx
9:10  Warning: 'Select' is defined but never used. Allowed unused vars must match /^_/u.  @typescript-eslint/no-unused-vars
9:18  Warning: 'SelectContent' is defined but never used. Allowed unused vars must match /^_/u.  @typescript-eslint/no-unused-vars
9:33  Warning: 'SelectItem' is defined but never used. Allowed unused vars must match /^_/u.  @typescript-eslint/no-unused-vars
9:45  Warning: 'SelectTrigger' is defined but never used. Allowed unused vars must match /^_/u.  @typescript-eslint/no-unused-vars
9:60  Warning: 'SelectValue' is defined but never used. Allowed unused vars must match /^_/u.  @typescript-eslint/no-unused-vars
11:17  Warning: 'DollarSign' is defined but never used. Allowed unused vars must match /^_/u.  @typescript-eslint/no-unused-vars
11:65  Warning: 'QrCode' is defined but never used. Allowed unused vars must match /^_/u.  @typescript-eslint/no-unused-vars
11:98  Warning: 'XCircle' is defined but never used. Allowed unused vars must match /^_/u.  @typescript-eslint/no-unused-vars
55:10  Warning: 'donationSubmitted' is assigned a value but never used. Allowed unused vars must match /^_/u.  @typescript-eslint/no-unused-vars
231:17  Warning: Using `<img>` could result in slower LCP and higher bandwidth. Consider using `<Image />` from `next/image` or a custom image loader to automatically optimize images. This may incur additional usage or cost from your provider. See: https://nextjs.org/docs/messages/no-img-element  @next/next/no-img-element
515:19  Warning: Using `<img>` could result in slower LCP and higher bandwidth. Consider using `<Image />` from `next/image` or a custom image loader to automatically optimize images. This may incur additional usage or cost from your provider. See: https://nextjs.org/docs/messages/no-img-element  @next/next/no-img-element
539:99  Warning: `"` can be escaped with `&quot;`, `&ldquo;`, `&#34;`, `&rdquo;`.  react/no-unescaped-entities
539:114  Warning: `"` can be escaped with `&quot;`, `&ldquo;`, `&#34;`, `&rdquo;`.  react/no-unescaped-entities

./src/app/layout.tsx
43:9  Warning: A font-display parameter is missing (adding `&display=optional` is recommended). See: https://nextjs.org/docs/messages/google-font-display  @next/next/google-font-display
43:9  Warning: Custom fonts not added in `pages/_document.js` will only load for a single page. This is discouraged. See: https://nextjs.org/docs/messages/no-page-custom-font  @next/next/no-page-custom-font
44:9  Warning: Custom fonts not added in `pages/_document.js` will only load for a single page. This is discouraged. See: https://nextjs.org/docs/messages/no-page-custom-font  @next/next/no-page-custom-font
46:9  Warning: Custom fonts not added in `pages/_document.js` will only load for a single page. This is discouraged. See: https://nextjs.org/docs/messages/no-page-custom-font  @next/next/no-page-custom-font

./src/app/noticias/[id]/page.tsx
4:8  Warning: 'Image' is defined but never used. Allowed unused vars must match /^_/u.  @typescript-eslint/no-unused-vars
5:10  Warning: 'Card' is defined but never used. Allowed unused vars must match /^_/u.  @typescript-eslint/no-unused-vars
5:16  Warning: 'CardContent' is defined but never used. Allowed unused vars must match /^_/u.  @typescript-eslint/no-unused-vars
211:17  Warning: Using `<img>` could result in slower LCP and higher bandwidth. Consider using `<Image />` from `next/image` or a custom image loader to automatically optimize images. This may incur additional usage or cost from your provider. See: https://nextjs.org/docs/messages/no-img-element  @next/next/no-img-element

./src/app/participar/page.tsx
28:15  Warning: Using `<img>` could result in slower LCP and higher bandwidth. Consider using `<Image />` from `next/image` or a custom image loader to automatically optimize images. This may incur additional usage or cost from your provider. See: https://nextjs.org/docs/messages/no-img-element  @next/next/no-img-element
97:17  Warning: Using `<img>` could result in slower LCP and higher bandwidth. Consider using `<Image />` from `next/image` or a custom image loader to automatically optimize images. This may incur additional usage or cost from your provider. See: https://nextjs.org/docs/messages/no-img-element  @next/next/no-img-element
139:17  Warning: Using `<img>` could result in slower LCP and higher bandwidth. Consider using `<Image />` from `next/image` or a custom image loader to automatically optimize images. This may incur additional usage or cost from your provider. See: https://nextjs.org/docs/messages/no-img-element  @next/next/no-img-element

./src/app/recursos/page.tsx
6:10  Warning: 'Badge' is defined but never used. Allowed unused vars must match /^_/u.  @typescript-eslint/no-unused-vars
240:9  Warning: 'formatFileSize' is assigned a value but never used. Allowed unused vars must match /^_/u.  @typescript-eslint/no-unused-vars

./src/app/transparencia/page.tsx
14:3  Warning: 'Users' is defined but never used. Allowed unused vars must match /^_/u.  @typescript-eslint/no-unused-vars
15:3  Warning: 'Building2' is defined but never used. Allowed unused vars must match /^_/u.  @typescript-eslint/no-unused-vars
19:3  Warning: 'FolderOpen' is defined but never used. Allowed unused vars must match /^_/u.  @typescript-eslint/no-unused-vars

./src/components/admin/advanced-edit-user-modal.tsx
21:3  Warning: 'Wrench' is defined but never used. Allowed unused vars must match /^_/u.  @typescript-eslint/no-unused-vars
25:3  Warning: 'AlertCircle' is defined but never used. Allowed unused vars must match /^_/u.  @typescript-eslint/no-unused-vars
26:3  Warning: 'CheckCircle' is defined but never used. Allowed unused vars must match /^_/u.  @typescript-eslint/no-unused-vars

./src/components/admin/advanced-user-management-system.tsx
19:21  Warning: 'Wrench' is defined but never used. Allowed unused vars must match /^_/u.  @typescript-eslint/no-unused-vars
56:9  Warning: 'isContentManager' is assigned a value but never used. Allowed unused vars must match /^_/u.  @typescript-eslint/no-unused-vars

./src/components/admin/albums-management.tsx
19:3  Warning: 'ImageIcon' is defined but never used. Allowed unused vars must match /^_/u.  @typescript-eslint/no-unused-vars
22:3  Warning: 'StarOff' is defined but never used. Allowed unused vars must match /^_/u.  @typescript-eslint/no-unused-vars
89:6  Warning: React Hook useEffect has a missing dependency: 'fetchAlbums'. Either include it or remove the dependency array.  react-hooks/exhaustive-deps
747:72  Warning: `"` can be escaped with `&quot;`, `&ldquo;`, `&#34;`, `&rdquo;`.  react/no-unescaped-entities
747:94  Warning: `"` can be escaped with `&quot;`, `&ldquo;`, `&#34;`, `&rdquo;`.  react/no-unescaped-entities

./src/components/admin/ally-card-wrapper.tsx
45:3  Warning: 'onViewAlly' is defined but never used. Allowed unused args must match /^_/u.  @typescript-eslint/no-unused-vars

./src/components/admin/ally-view-modal.tsx
7:10  Warning: 'Button' is defined but never used. Allowed unused vars must match /^_/u.  @typescript-eslint/no-unused-vars
9:26  Warning: 'ExternalLink' is defined but never used. Allowed unused vars must match /^_/u.  @typescript-eslint/no-unused-vars

./src/components/admin/complaints-management.tsx
9:33  Warning: 'DialogDescription' is defined but never used. Allowed unused vars must match /^_/u.  @typescript-eslint/no-unused-vars
24:12  Warning: 'ImageIcon' is defined but never used. Allowed unused vars must match /^_/u.  @typescript-eslint/no-unused-vars
75:6  Warning: React Hook useEffect has a missing dependency: 'fetchComplaints'. Either include it or remove the dependency array.  react-hooks/exhaustive-deps
117:9  Warning: 'handleStatusChange' is assigned a value but never used. Allowed unused vars must match /^_/u.  @typescript-eslint/no-unused-vars
756:26  Warning: `"` can be escaped with `&quot;`, `&ldquo;`, `&#34;`, `&rdquo;`.  react/no-unescaped-entities
756:82  Warning: `"` can be escaped with `&quot;`, `&ldquo;`, `&#34;`, `&rdquo;`.  react/no-unescaped-entities
758:45  Warning: `"` can be escaped with `&quot;`, `&ldquo;`, `&#34;`, `&rdquo;`.  react/no-unescaped-entities
758:77  Warning: `"` can be escaped with `&quot;`, `&ldquo;`, `&#34;`, `&rdquo;`.  react/no-unescaped-entities
789:26  Warning: `"` can be escaped with `&quot;`, `&ldquo;`, `&#34;`, `&rdquo;`.  react/no-unescaped-entities
789:89  Warning: `"` can be escaped with `&quot;`, `&ldquo;`, `&#34;`, `&rdquo;`.  react/no-unescaped-entities

./src/components/admin/confirm-donation-action-dialog.tsx
46:9  Warning: 'actionColor' is assigned a value but never used. Allowed unused vars must match /^_/u.  @typescript-eslint/no-unused-vars
217:14  Warning: 'error' is defined but never used. Allowed unused caught errors must match /^_/u.  @typescript-eslint/no-unused-vars
253:63  Warning: `"` can be escaped with `&quot;`, `&ldquo;`, `&#34;`, `&rdquo;`.  react/no-unescaped-entities
253:84  Warning: `"` can be escaped with `&quot;`, `&ldquo;`, `&#34;`, `&rdquo;`.  react/no-unescaped-entities
257:33  Warning: `"` can be escaped with `&quot;`, `&ldquo;`, `&#34;`, `&rdquo;`.  react/no-unescaped-entities
257:66  Warning: `"` can be escaped with `&quot;`, `&ldquo;`, `&#34;`, `&rdquo;`.  react/no-unescaped-entities

./src/components/admin/contact-messages-management.tsx
10:33  Warning: 'DialogDescription' is defined but never used. Allowed unused vars must match /^_/u.  @typescript-eslint/no-unused-vars
22:3  Warning: 'AlertTriangle' is defined but never used. Allowed unused vars must match /^_/u.  @typescript-eslint/no-unused-vars
44:10  Warning: 'dialogOpen' is assigned a value but never used. Allowed unused vars must match /^_/u.  @typescript-eslint/no-unused-vars
44:22  Warning: 'setDialogOpen' is assigned a value but never used. Allowed unused vars must match /^_/u.  @typescript-eslint/no-unused-vars
61:6  Warning: React Hook useEffect has a missing dependency: 'fetchMessages'. Either include it or remove the dependency array.  react-hooks/exhaustive-deps
101:9  Warning: 'handleMarkAsRead' is assigned a value but never used. Allowed unused vars must match /^_/u.  @typescript-eslint/no-unused-vars
673:26  Warning: `"` can be escaped with `&quot;`, `&ldquo;`, `&#34;`, `&rdquo;`.  react/no-unescaped-entities
673:49  Warning: `"` can be escaped with `&quot;`, `&ldquo;`, `&#34;`, `&rdquo;`.  react/no-unescaped-entities
703:26  Warning: `"` can be escaped with `&quot;`, `&ldquo;`, `&#34;`, `&rdquo;`.  react/no-unescaped-entities
703:49  Warning: `"` can be escaped with `&quot;`, `&ldquo;`, `&#34;`, `&rdquo;`.  react/no-unescaped-entities

./src/components/admin/convocatorias-management.tsx
11:38  Warning: 'Eye' is defined but never used. Allowed unused vars must match /^_/u.  @typescript-eslint/no-unused-vars
11:43  Warning: 'EyeOff' is defined but never used. Allowed unused vars must match /^_/u.  @typescript-eslint/no-unused-vars
26:17  Warning: Unexpected any. Specify a different type.  @typescript-eslint/no-explicit-any
27:14  Warning: Unexpected any. Specify a different type.  @typescript-eslint/no-explicit-any
49:18  Warning: 'setSortBy' is assigned a value but never used. Allowed unused vars must match /^_/u.  @typescript-eslint/no-unused-vars
50:21  Warning: 'setSortOrder' is assigned a value but never used. Allowed unused vars must match /^_/u.  @typescript-eslint/no-unused-vars
51:10  Warning: 'selectedConvocatorias' is assigned a value but never used. Allowed unused vars must match /^_/u.  @typescript-eslint/no-unused-vars
844:26  Warning: `"` can be escaped with `&quot;`, `&ldquo;`, `&#34;`, `&rdquo;`.  react/no-unescaped-entities
844:62  Warning: `"` can be escaped with `&quot;`, `&ldquo;`, `&#34;`, `&rdquo;`.  react/no-unescaped-entities

./src/components/admin/create-ally-form.tsx
10:10  Warning: 'Upload' is defined but never used. Allowed unused vars must match /^_/u.  @typescript-eslint/no-unused-vars
14:20  Warning: Unexpected any. Specify a different type.  @typescript-eslint/no-explicit-any

./src/components/admin/create-event-form.tsx
10:16  Warning: 'Upload' is defined but never used. Allowed unused vars must match /^_/u.  @typescript-eslint/no-unused-vars
153:47  Warning: Unexpected any. Specify a different type.  @typescript-eslint/no-explicit-any

./src/components/admin/create-methodology-form.tsx
8:10  Warning: 'Select' is defined but never used. Allowed unused vars must match /^_/u.  @typescript-eslint/no-unused-vars
8:18  Warning: 'SelectContent' is defined but never used. Allowed unused vars must match /^_/u.  @typescript-eslint/no-unused-vars
8:33  Warning: 'SelectItem' is defined but never used. Allowed unused vars must match /^_/u.  @typescript-eslint/no-unused-vars
8:45  Warning: 'SelectTrigger' is defined but never used. Allowed unused vars must match /^_/u.  @typescript-eslint/no-unused-vars
8:60  Warning: 'SelectValue' is defined but never used. Allowed unused vars must match /^_/u.  @typescript-eslint/no-unused-vars
12:28  Warning: 'Upload' is defined but never used. Allowed unused vars must match /^_/u.  @typescript-eslint/no-unused-vars
371:76  Warning: Unexpected any. Specify a different type.  @typescript-eslint/no-explicit-any
372:90  Warning: Unexpected any. Specify a different type.  @typescript-eslint/no-explicit-any

./src/components/admin/create-news-form.tsx
11:16  Warning: 'Upload' is defined but never used. Allowed unused vars must match /^_/u.  @typescript-eslint/no-unused-vars
69:77  Warning: Unexpected any. Specify a different type.  @typescript-eslint/no-explicit-any
82:75  Warning: Unexpected any. Specify a different type.  @typescript-eslint/no-explicit-any
95:85  Warning: Unexpected any. Specify a different type.  @typescript-eslint/no-explicit-any
233:47  Warning: Unexpected any. Specify a different type.  @typescript-eslint/no-explicit-any

./src/components/admin/create-programa-dialog.tsx
9:10  Warning: 'Switch' is defined but never used. Allowed unused vars must match /^_/u.  @typescript-eslint/no-unused-vars
10:19  Warning: 'Upload' is defined but never used. Allowed unused vars must match /^_/u.  @typescript-eslint/no-unused-vars

./src/components/admin/create-project-form.tsx
10:16  Warning: 'Upload' is defined but never used. Allowed unused vars must match /^_/u.  @typescript-eslint/no-unused-vars
162:47  Warning: Unexpected any. Specify a different type.  @typescript-eslint/no-explicit-any

./src/components/admin/create-story-form.tsx
8:36  Warning: 'Upload' is defined but never used. Allowed unused vars must match /^_/u.  @typescript-eslint/no-unused-vars
273:21  Warning: Using `<img>` could result in slower LCP and higher bandwidth. Consider using `<Image />` from `next/image` or a custom image loader to automatically optimize images. This may incur additional usage or cost from your provider. See: https://nextjs.org/docs/messages/no-img-element  @next/next/no-img-element

./src/components/admin/create-user-form.tsx
15:26  Warning: Unexpected any. Specify a different type.  @typescript-eslint/no-explicit-any
136:14  Warning: 'error' is defined but never used. Allowed unused caught errors must match /^_/u.  @typescript-eslint/no-unused-vars

./src/components/admin/create-video-testimonial-form.tsx
8:44  Warning: 'Upload' is defined but never used. Allowed unused vars must match /^_/u.  @typescript-eslint/no-unused-vars
324:21  Warning: Using `<img>` could result in slower LCP and higher bandwidth. Consider using `<Image />` from `next/image` or a custom image loader to automatically optimize images. This may incur additional usage or cost from your provider. See: https://nextjs.org/docs/messages/no-img-element  @next/next/no-img-element

./src/components/admin/delete-ally-dialog.tsx
71:61  Warning: `"` can be escaped with `&quot;`, `&ldquo;`, `&#34;`, `&rdquo;`.  react/no-unescaped-entities
71:73  Warning: `"` can be escaped with `&quot;`, `&ldquo;`, `&#34;`, `&rdquo;`.  react/no-unescaped-entities

./src/components/admin/delete-convocatoria-dialog.tsx
4:74  Warning: 'DialogDescription' is defined but never used. Allowed unused vars must match /^_/u.  @typescript-eslint/no-unused-vars
57:22  Warning: `"` can be escaped with `&quot;`, `&ldquo;`, `&#34;`, `&rdquo;`.  react/no-unescaped-entities
57:43  Warning: `"` can be escaped with `&quot;`, `&ldquo;`, `&#34;`, `&rdquo;`.  react/no-unescaped-entities

./src/components/admin/delete-donation-project-dialog.tsx
74:63  Warning: `"` can be escaped with `&quot;`, `&ldquo;`, `&#34;`, `&rdquo;`.  react/no-unescaped-entities
74:79  Warning: `"` can be escaped with `&quot;`, `&ldquo;`, `&#34;`, `&rdquo;`.  react/no-unescaped-entities

./src/components/admin/delete-event-dialog.tsx
75:22  Warning: `"` can be escaped with `&quot;`, `&ldquo;`, `&#34;`, `&rdquo;`.  react/no-unescaped-entities
75:36  Warning: `"` can be escaped with `&quot;`, `&ldquo;`, `&#34;`, `&rdquo;`.  react/no-unescaped-entities

./src/components/admin/delete-methodology-dialog.tsx
8:10  Warning: 'Trash2' is defined but never used. Allowed unused vars must match /^_/u.  @typescript-eslint/no-unused-vars
51:17  Warning: 'errorData' is assigned a value but never used. Allowed unused vars must match /^_/u.  @typescript-eslint/no-unused-vars
88:22  Warning: `"` can be escaped with `&quot;`, `&ldquo;`, `&#34;`, `&rdquo;`.  react/no-unescaped-entities
88:42  Warning: `"` can be escaped with `&quot;`, `&ldquo;`, `&#34;`, `&rdquo;`.  react/no-unescaped-entities

./src/components/admin/delete-news-dialog.tsx
93:22  Warning: `"` can be escaped with `&quot;`, `&ldquo;`, `&#34;`, `&rdquo;`.  react/no-unescaped-entities
93:35  Warning: `"` can be escaped with `&quot;`, `&ldquo;`, `&#34;`, `&rdquo;`.  react/no-unescaped-entities

./src/components/admin/delete-programa-dialog.tsx
81:63  Warning: `"` can be escaped with `&quot;`, `&ldquo;`, `&#34;`, `&rdquo;`.  react/no-unescaped-entities
81:85  Warning: `"` can be escaped with `&quot;`, `&ldquo;`, `&#34;`, `&rdquo;`.  react/no-unescaped-entities

./src/components/admin/delete-project-dialog.tsx
9:10  Warning: 'Trash2' is defined but never used. Allowed unused vars must match /^_/u.  @typescript-eslint/no-unused-vars
49:11  Warning: 'isTokenValid' is assigned a value but never used. Allowed unused vars must match /^_/u.  @typescript-eslint/no-unused-vars
124:22  Warning: `"` can be escaped with `&quot;`, `&ldquo;`, `&#34;`, `&rdquo;`.  react/no-unescaped-entities
124:38  Warning: `"` can be escaped with `&quot;`, `&ldquo;`, `&#34;`, `&rdquo;`.  react/no-unescaped-entities

./src/components/admin/delete-story-dialog.tsx
93:22  Warning: `"` can be escaped with `&quot;`, `&ldquo;`, `&#34;`, `&rdquo;`.  react/no-unescaped-entities
93:36  Warning: `"` can be escaped with `&quot;`, `&ldquo;`, `&#34;`, `&rdquo;`.  react/no-unescaped-entities

./src/components/admin/delete-user-dialog.tsx
88:22  Warning: `"` can be escaped with `&quot;`, `&ldquo;`, `&#34;`, `&rdquo;`.  react/no-unescaped-entities
88:34  Warning: `"` can be escaped with `&quot;`, `&ldquo;`, `&#34;`, `&rdquo;`.  react/no-unescaped-entities

./src/components/admin/delete-video-testimonial-dialog.tsx
75:22  Warning: `"` can be escaped with `&quot;`, `&ldquo;`, `&#34;`, `&rdquo;`.  react/no-unescaped-entities
75:36  Warning: `"` can be escaped with `&quot;`, `&ldquo;`, `&#34;`, `&rdquo;`.  react/no-unescaped-entities

./src/components/admin/edit-ally-form.tsx
10:19  Warning: 'Upload' is defined but never used. Allowed unused vars must match /^_/u.  @typescript-eslint/no-unused-vars

./src/components/admin/edit-convocatoria-dialog.tsx
23:17  Warning: Unexpected any. Specify a different type.  @typescript-eslint/no-explicit-any
24:14  Warning: Unexpected any. Specify a different type.  @typescript-eslint/no-explicit-any
68:63  Warning: Unexpected any. Specify a different type.  @typescript-eslint/no-explicit-any
69:28  Warning: Unexpected any. Specify a different type.  @typescript-eslint/no-explicit-any
69:56  Warning: Unexpected any. Specify a different type.  @typescript-eslint/no-explicit-any
238:33  Warning: Unexpected any. Specify a different type.  @typescript-eslint/no-explicit-any
284:20  Warning: Unexpected any. Specify a different type.  @typescript-eslint/no-explicit-any
396:50  Warning: Unexpected any. Specify a different type.  @typescript-eslint/no-explicit-any

./src/components/admin/edit-event-form.tsx
10:10  Warning: 'Edit' is defined but never used. Allowed unused vars must match /^_/u.  @typescript-eslint/no-unused-vars
10:16  Warning: 'Upload' is defined but never used. Allowed unused vars must match /^_/u.  @typescript-eslint/no-unused-vars
232:47  Warning: Unexpected any. Specify a different type.  @typescript-eslint/no-explicit-any

./src/components/admin/edit-methodology-dialog.tsx
6:10  Warning: 'Textarea' is defined but never used. Allowed unused vars must match /^_/u.  @typescript-eslint/no-unused-vars
11:16  Warning: 'Upload' is defined but never used. Allowed unused vars must match /^_/u.  @typescript-eslint/no-unused-vars
128:6  Warning: React Hook useEffect has a missing dependency: 'mapSectorsToSpanish'. Either include it or remove the dependency array.  react-hooks/exhaustive-deps
448:76  Warning: Unexpected any. Specify a different type.  @typescript-eslint/no-explicit-any
449:90  Warning: Unexpected any. Specify a different type.  @typescript-eslint/no-explicit-any

./src/components/admin/edit-news-form.tsx
11:10  Warning: 'Edit' is defined but never used. Allowed unused vars must match /^_/u.  @typescript-eslint/no-unused-vars
11:16  Warning: 'Upload' is defined but never used. Allowed unused vars must match /^_/u.  @typescript-eslint/no-unused-vars
53:46  Warning: Unexpected any. Specify a different type.  @typescript-eslint/no-explicit-any
54:44  Warning: Unexpected any. Specify a different type.  @typescript-eslint/no-explicit-any
55:54  Warning: Unexpected any. Specify a different type.  @typescript-eslint/no-explicit-any
102:77  Warning: Unexpected any. Specify a different type.  @typescript-eslint/no-explicit-any
115:75  Warning: Unexpected any. Specify a different type.  @typescript-eslint/no-explicit-any
128:85  Warning: Unexpected any. Specify a different type.  @typescript-eslint/no-explicit-any
294:47  Warning: Unexpected any. Specify a different type.  @typescript-eslint/no-explicit-any

./src/components/admin/edit-programa-dialog.tsx
10:10  Warning: 'Switch' is defined but never used. Allowed unused vars must match /^_/u.  @typescript-eslint/no-unused-vars
11:19  Warning: 'Upload' is defined but never used. Allowed unused vars must match /^_/u.  @typescript-eslint/no-unused-vars

./src/components/admin/edit-project-form.tsx
11:10  Warning: 'Edit' is defined but never used. Allowed unused vars must match /^_/u.  @typescript-eslint/no-unused-vars
11:16  Warning: 'Upload' is defined but never used. Allowed unused vars must match /^_/u.  @typescript-eslint/no-unused-vars
243:47  Warning: Unexpected any. Specify a different type.  @typescript-eslint/no-explicit-any

./src/components/admin/edit-story-form.tsx
7:25  Warning: 'Upload' is defined but never used. Allowed unused vars must match /^_/u.  @typescript-eslint/no-unused-vars
28:34  Warning: Unexpected any. Specify a different type.  @typescript-eslint/no-explicit-any

./src/components/admin/edit-user-modal.tsx
52:47  Warning: Unexpected any. Specify a different type.  @typescript-eslint/no-explicit-any

./src/components/admin/edit-video-testimonial-form.tsx
30:34  Warning: Unexpected any. Specify a different type.  @typescript-eslint/no-explicit-any

./src/components/admin/entity-images-gallery.tsx
12:3  Warning: 'Upload' is defined but never used. Allowed unused vars must match /^_/u.  @typescript-eslint/no-unused-vars
58:6  Warning: React Hook useEffect has a missing dependency: 'fetchImages'. Either include it or remove the dependency array.  react-hooks/exhaustive-deps
70:55  Warning: Unexpected any. Specify a different type.  @typescript-eslint/no-explicit-any
182:22  Warning: Unexpected any. Specify a different type.  @typescript-eslint/no-explicit-any
262:22  Warning: Unexpected any. Specify a different type.  @typescript-eslint/no-explicit-any

./src/components/admin/events-management.tsx
175:17  Warning: 'errorText' is assigned a value but never used. Allowed unused vars must match /^_/u.  @typescript-eslint/no-unused-vars
428:3  Warning: 'onSelectAll' is defined but never used. Allowed unused args must match /^_/u.  @typescript-eslint/no-unused-vars
432:3  Warning: 'onToggleFeatured' is defined but never used. Allowed unused args must match /^_/u.  @typescript-eslint/no-unused-vars

./src/components/admin/image-gallery-management.tsx
7:29  Warning: 'CardHeader' is defined but never used. Allowed unused vars must match /^_/u.  @typescript-eslint/no-unused-vars
7:41  Warning: 'CardTitle' is defined but never used. Allowed unused vars must match /^_/u.  @typescript-eslint/no-unused-vars
18:3  Warning: 'Eye' is defined but never used. Allowed unused vars must match /^_/u.  @typescript-eslint/no-unused-vars
20:3  Warning: 'User' is defined but never used. Allowed unused vars must match /^_/u.  @typescript-eslint/no-unused-vars
97:6  Warning: React Hook useEffect has a missing dependency: 'fetchImages'. Either include it or remove the dependency array.  react-hooks/exhaustive-deps
266:22  Warning: Unexpected any. Specify a different type.  @typescript-eslint/no-explicit-any
365:22  Warning: Unexpected any. Specify a different type.  @typescript-eslint/no-explicit-any
551:93  Warning: Unexpected any. Specify a different type.  @typescript-eslint/no-explicit-any
574:15  Warning: Using `<img>` could result in slower LCP and higher bandwidth. Consider using `<Image />` from `next/image` or a custom image loader to automatically optimize images. This may incur additional usage or cost from your provider. See: https://nextjs.org/docs/messages/no-img-element  @next/next/no-img-element
702:130  Warning: Unexpected any. Specify a different type.  @typescript-eslint/no-explicit-any
953:130  Warning: Unexpected any. Specify a different type.  @typescript-eslint/no-explicit-any

./src/components/admin/image-library-form.tsx
11:19  Warning: 'Upload' is defined but never used. Allowed unused vars must match /^_/u.  @typescript-eslint/no-unused-vars
247:19  Warning: Using `<img>` could result in slower LCP and higher bandwidth. Consider using `<Image />` from `next/image` or a custom image loader to automatically optimize images. This may incur additional usage or cost from your provider. See: https://nextjs.org/docs/messages/no-img-element  @next/next/no-img-element

./src/components/admin/image-library-management.tsx
9:51  Warning: 'Upload' is defined but never used. Allowed unused vars must match /^_/u.  @typescript-eslint/no-unused-vars
105:6  Warning: React Hook useEffect has a missing dependency: 'fetchImages'. Either include it or remove the dependency array.  react-hooks/exhaustive-deps
253:23  Warning: Using `<img>` could result in slower LCP and higher bandwidth. Consider using `<Image />` from `next/image` or a custom image loader to automatically optimize images. This may incur additional usage or cost from your provider. See: https://nextjs.org/docs/messages/no-img-element  @next/next/no-img-element

./src/components/admin/image-library-view.tsx
84:19  Warning: Using `<img>` could result in slower LCP and higher bandwidth. Consider using `<Image />` from `next/image` or a custom image loader to automatically optimize images. This may incur additional usage or cost from your provider. See: https://nextjs.org/docs/messages/no-img-element  @next/next/no-img-element

./src/components/admin/programas-form.tsx
12:32  Warning: 'Calendar' is defined but never used. Allowed unused vars must match /^_/u.  @typescript-eslint/no-unused-vars

./src/components/admin/programas-view.tsx
248:23  Warning: Using `<img>` could result in slower LCP and higher bandwidth. Consider using `<Image />` from `next/image` or a custom image loader to automatically optimize images. This may incur additional usage or cost from your provider. See: https://nextjs.org/docs/messages/no-img-element  @next/next/no-img-element

./src/components/admin/resources-management.tsx
618:78  Warning: Unexpected any. Specify a different type.  @typescript-eslint/no-explicit-any

./src/components/admin/simple-create-user-form.tsx
27:3  Warning: 'Wrench' is defined but never used. Allowed unused vars must match /^_/u.  @typescript-eslint/no-unused-vars

./src/components/admin/toggle-ally-status-dialog.tsx
81:61  Warning: `"` can be escaped with `&quot;`, `&ldquo;`, `&#34;`, `&rdquo;`.  react/no-unescaped-entities
81:73  Warning: `"` can be escaped with `&quot;`, `&ldquo;`, `&#34;`, `&rdquo;`.  react/no-unescaped-entities

./src/components/admin/toggle-donation-project-status-dialog.tsx
88:63  Warning: `"` can be escaped with `&quot;`, `&ldquo;`, `&#34;`, `&rdquo;`.  react/no-unescaped-entities
88:79  Warning: `"` can be escaped with `&quot;`, `&ldquo;`, `&#34;`, `&rdquo;`.  react/no-unescaped-entities

./src/components/admin/toggle-event-status-dialog.tsx
72:61  Warning: `"` can be escaped with `&quot;`, `&ldquo;`, `&#34;`, `&rdquo;`.  react/no-unescaped-entities
72:75  Warning: `"` can be escaped with `&quot;`, `&ldquo;`, `&#34;`, `&rdquo;`.  react/no-unescaped-entities

./src/components/admin/toggle-methodology-status-dialog.tsx
8:10  Warning: 'Eye' is defined but never used. Allowed unused vars must match /^_/u.  @typescript-eslint/no-unused-vars
8:15  Warning: 'EyeOff' is defined but never used. Allowed unused vars must match /^_/u.  @typescript-eslint/no-unused-vars
85:22  Warning: `"` can be escaped with `&quot;`, `&ldquo;`, `&#34;`, `&rdquo;`.  react/no-unescaped-entities
85:42  Warning: `"` can be escaped with `&quot;`, `&ldquo;`, `&#34;`, `&rdquo;`.  react/no-unescaped-entities

./src/components/admin/toggle-news-status-dialog.tsx
72:62  Warning: `"` can be escaped with `&quot;`, `&ldquo;`, `&#34;`, `&rdquo;`.  react/no-unescaped-entities
72:75  Warning: `"` can be escaped with `&quot;`, `&ldquo;`, `&#34;`, `&rdquo;`.  react/no-unescaped-entities

./src/components/admin/toggle-programa-status-dialog.tsx
88:63  Warning: `"` can be escaped with `&quot;`, `&ldquo;`, `&#34;`, `&rdquo;`.  react/no-unescaped-entities
88:85  Warning: `"` can be escaped with `&quot;`, `&ldquo;`, `&#34;`, `&rdquo;`.  react/no-unescaped-entities

./src/components/admin/toggle-project-status-dialog.tsx
8:10  Warning: 'Eye' is defined but never used. Allowed unused vars must match /^_/u.  @typescript-eslint/no-unused-vars
8:15  Warning: 'EyeOff' is defined but never used. Allowed unused vars must match /^_/u.  @typescript-eslint/no-unused-vars
102:22  Warning: `"` can be escaped with `&quot;`, `&ldquo;`, `&#34;`, `&rdquo;`.  react/no-unescaped-entities
102:38  Warning: `"` can be escaped with `&quot;`, `&ldquo;`, `&#34;`, `&rdquo;`.  react/no-unescaped-entities

./src/components/admin/toggle-story-status-dialog.tsx
5:33  Warning: 'DialogDescription' is defined but never used. Allowed unused vars must match /^_/u.  @typescript-eslint/no-unused-vars
81:22  Warning: `"` can be escaped with `&quot;`, `&ldquo;`, `&#34;`, `&rdquo;`.  react/no-unescaped-entities
81:36  Warning: `"` can be escaped with `&quot;`, `&ldquo;`, `&#34;`, `&rdquo;`.  react/no-unescaped-entities

./src/components/admin/toggle-video-testimonial-featured-dialog.tsx
16:34  Warning: Unexpected any. Specify a different type.  @typescript-eslint/no-explicit-any
80:130  Warning: `"` can be escaped with `&quot;`, `&ldquo;`, `&#34;`, `&rdquo;`.  react/no-unescaped-entities
80:144  Warning: `"` can be escaped with `&quot;`, `&ldquo;`, `&#34;`, `&rdquo;`.  react/no-unescaped-entities

./src/components/admin/toggle-video-testimonial-status-dialog.tsx
14:34  Warning: Unexpected any. Specify a different type.  @typescript-eslint/no-explicit-any
77:22  Warning: `"` can be escaped with `&quot;`, `&ldquo;`, `&#34;`, `&rdquo;`.  react/no-unescaped-entities
77:36  Warning: `"` can be escaped with `&quot;`, `&ldquo;`, `&#34;`, `&rdquo;`.  react/no-unescaped-entities

./src/components/admin/transparency-management.tsx
29:3  Warning: 'Users' is defined but never used. Allowed unused vars must match /^_/u.  @typescript-eslint/no-unused-vars
35:8  Warning: 'Image' is defined but never used. Allowed unused vars must match /^_/u.  @typescript-eslint/no-unused-vars
1105:32  Warning: Unexpected any. Specify a different type.  @typescript-eslint/no-explicit-any

./src/components/admin/unified-card.tsx
195:89  Warning: Unexpected any. Specify a different type.  @typescript-eslint/no-explicit-any

./src/components/admin/user-management-system.tsx
16:3  Warning: 'UserCheck' is defined but never used. Allowed unused vars must match /^_/u.  @typescript-eslint/no-unused-vars
17:3  Warning: 'UserX' is defined but never used. Allowed unused vars must match /^_/u.  @typescript-eslint/no-unused-vars
21:3  Warning: 'Filter' is defined but never used. Allowed unused vars must match /^_/u.  @typescript-eslint/no-unused-vars
22:3  Warning: 'MoreHorizontal' is defined but never used. Allowed unused vars must match /^_/u.  @typescript-eslint/no-unused-vars
28:3  Warning: 'Eye' is defined but never used. Allowed unused vars must match /^_/u.  @typescript-eslint/no-unused-vars
29:3  Warning: 'EyeOff' is defined but never used. Allowed unused vars must match /^_/u.  @typescript-eslint/no-unused-vars
97:6  Warning: React Hook useEffect has a missing dependency: 'filterUsers'. Either include it or remove the dependency array.  react-hooks/exhaustive-deps

./src/components/admin/user-management.tsx
14:3  Warning: 'Wrench' is defined but never used. Allowed unused vars must match /^_/u.  @typescript-eslint/no-unused-vars
16:3  Warning: 'UserCheck' is defined but never used. Allowed unused vars must match /^_/u.  @typescript-eslint/no-unused-vars
17:3  Warning: 'UserX' is defined but never used. Allowed unused vars must match /^_/u.  @typescript-eslint/no-unused-vars
21:3  Warning: 'Filter' is defined but never used. Allowed unused vars must match /^_/u.  @typescript-eslint/no-unused-vars
23:3  Warning: 'Edit' is defined but never used. Allowed unused vars must match /^_/u.  @typescript-eslint/no-unused-vars
24:3  Warning: 'Trash2' is defined but never used. Allowed unused vars must match /^_/u.  @typescript-eslint/no-unused-vars
28:8  Warning: 'Link' is defined but never used. Allowed unused vars must match /^_/u.  @typescript-eslint/no-unused-vars
64:6  Warning: React Hook useEffect has a missing dependency: 'filterUsers'. Either include it or remove the dependency array.  react-hooks/exhaustive-deps

./src/components/app-sidebar.tsx
12:3  Warning: 'Image' is defined but never used. Allowed unused vars must match /^_/u.  @typescript-eslint/no-unused-vars
13:3  Warning: 'ImageIcon' is defined but never used. Allowed unused vars must match /^_/u.  @typescript-eslint/no-unused-vars
16:3  Warning: 'Newspaper' is defined but never used. Allowed unused vars must match /^_/u.  @typescript-eslint/no-unused-vars
20:3  Warning: 'Calendar' is defined but never used. Allowed unused vars must match /^_/u.  @typescript-eslint/no-unused-vars
23:3  Warning: 'Palette' is defined but never used. Allowed unused vars must match /^_/u.  @typescript-eslint/no-unused-vars
29:3  Warning: 'AlertTriangle' is defined but never used. Allowed unused vars must match /^_/u.  @typescript-eslint/no-unused-vars
319:43  Warning: Unexpected any. Specify a different type.  @typescript-eslint/no-explicit-any
369:43  Warning: Unexpected any. Specify a different type.  @typescript-eslint/no-explicit-any
387:51  Warning: Unexpected any. Specify a different type.  @typescript-eslint/no-explicit-any

./src/components/auth/change-password-modal.tsx
77:14  Warning: 'error' is defined but never used. Allowed unused caught errors must match /^_/u.  @typescript-eslint/no-unused-vars

./src/components/auth/mandatory-password-change-modal.tsx
8:10  Warning: 'getSession' is defined but never used. Allowed unused vars must match /^_/u.  @typescript-eslint/no-unused-vars
8:22  Warning: 'signOut' is defined but never used. Allowed unused vars must match /^_/u.  @typescript-eslint/no-unused-vars
8:31  Warning: 'signIn' is defined but never used. Allowed unused vars must match /^_/u.  @typescript-eslint/no-unused-vars
47:9  Warning: 'router' is assigned a value but never used. Allowed unused vars must match /^_/u.  @typescript-eslint/no-unused-vars
48:17  Warning: 'session' is assigned a value but never used. Allowed unused vars must match /^_/u.  @typescript-eslint/no-unused-vars

./src/components/auth/mandatory-password-change-wrapper.tsx
5:22  Warning: 'signIn' is defined but never used. Allowed unused vars must match /^_/u.  @typescript-eslint/no-unused-vars
5:30  Warning: 'signOut' is defined but never used. Allowed unused vars must match /^_/u.  @typescript-eslint/no-unused-vars
16:9  Warning: 'router' is assigned a value but never used. Allowed unused vars must match /^_/u.  @typescript-eslint/no-unused-vars
38:14  Warning: 'error' is defined but never used. Allowed unused caught errors must match /^_/u.  @typescript-eslint/no-unused-vars

./src/components/dashboard/advisor-dashboard.tsx
10:3  Warning: 'TrendingUp' is defined but never used. Allowed unused vars must match /^_/u.  @typescript-eslint/no-unused-vars
18:3  Warning: 'Plus' is defined but never used. Allowed unused vars must match /^_/u.  @typescript-eslint/no-unused-vars

./src/components/dashboard/analytics-cards.tsx
5:47  Warning: 'TrendingUp' is defined but never used. Allowed unused vars must match /^_/u.  @typescript-eslint/no-unused-vars
5:59  Warning: 'Eye' is defined but never used. Allowed unused vars must match /^_/u.  @typescript-eslint/no-unused-vars
5:64  Warning: 'Briefcase' is defined but never used. Allowed unused vars must match /^_/u.  @typescript-eslint/no-unused-vars
5:75  Warning: 'Settings' is defined but never used. Allowed unused vars must match /^_/u.  @typescript-eslint/no-unused-vars
5:104  Warning: 'Shield' is defined but never used. Allowed unused vars must match /^_/u.  @typescript-eslint/no-unused-vars
5:112  Warning: 'FolderOpen' is defined but never used. Allowed unused vars must match /^_/u.  @typescript-eslint/no-unused-vars

./src/components/dashboard/metrics-chart.tsx
5:22  Warning: 'TrendingDown' is defined but never used. Allowed unused vars must match /^_/u.  @typescript-eslint/no-unused-vars

./src/components/dashboard/quick-actions.tsx
16:11  Warning: 'canManageUsers' is assigned a value but never used. Allowed unused vars must match /^_/u.  @typescript-eslint/no-unused-vars

./src/components/galeria-iniciativa.tsx
49:6  Warning: React Hook useEffect has a missing dependency: 'fetchGaleria'. Either include it or remove the dependency array.  react-hooks/exhaustive-deps

./src/components/galeria-programa.tsx
13:3  Warning: 'ExternalLink' is defined but never used. Allowed unused vars must match /^_/u.  @typescript-eslint/no-unused-vars
14:3  Warning: 'Download' is defined but never used. Allowed unused vars must match /^_/u.  @typescript-eslint/no-unused-vars
51:6  Warning: React Hook useEffect has a missing dependency: 'fetchGaleria'. Either include it or remove the dependency array.  react-hooks/exhaustive-deps

./src/components/galeria-proyecto.tsx
49:6  Warning: React Hook useEffect has a missing dependency: 'fetchGaleria'. Either include it or remove the dependency array.  react-hooks/exhaustive-deps

./src/components/maps/interactive-map.tsx
5:18  Warning: 'Users' is defined but never used. Allowed unused vars must match /^_/u.  @typescript-eslint/no-unused-vars
5:25  Warning: 'Heart' is defined but never used. Allowed unused vars must match /^_/u.  @typescript-eslint/no-unused-vars
5:32  Warning: 'BookOpen' is defined but never used. Allowed unused vars must match /^_/u.  @typescript-eslint/no-unused-vars
29:8  Warning: Unexpected any. Specify a different type.  @typescript-eslint/no-explicit-any
219:7  Warning: 'calculateMapCenter' is assigned a value but never used. Allowed unused vars must match /^_/u.  @typescript-eslint/no-unused-vars
239:9  Warning: 'stats' is assigned a value but never used. Allowed unused vars must match /^_/u.  @typescript-eslint/no-unused-vars
334:19  Warning: Using `<img>` could result in slower LCP and higher bandwidth. Consider using `<Image />` from `next/image` or a custom image loader to automatically optimize images. This may incur additional usage or cost from your provider. See: https://nextjs.org/docs/messages/no-img-element  @next/next/no-img-element

./src/components/sections/programas-destacados-section.tsx
105:25  Warning: Using `<img>` could result in slower LCP and higher bandwidth. Consider using `<Image />` from `next/image` or a custom image loader to automatically optimize images. This may incur additional usage or cost from your provider. See: https://nextjs.org/docs/messages/no-img-element  @next/next/no-img-element

./src/hooks/use-mandatory-password-change.ts
37:44  Warning: Unexpected any. Specify a different type.  @typescript-eslint/no-explicit-any

./src/hooks/use-news-events.ts
135:6  Warning: React Hook useEffect has a missing dependency: 'loadData'. Either include it or remove the dependency array.  react-hooks/exhaustive-deps

./src/lib/auth-middleware.ts
20:10  Warning: Unexpected any. Specify a different type.  @typescript-eslint/no-explicit-any
40:48  Warning: Unexpected any. Specify a different type.  @typescript-eslint/no-explicit-any

./src/lib/auth-service.ts
117:11  Warning: 'emailVerificationToken' is assigned a value but never used. Allowed unused vars must match /^_/u.  @typescript-eslint/no-unused-vars
183:25  Warning: Unexpected any. Specify a different type.  @typescript-eslint/no-explicit-any

./src/lib/auth.ts
27:17  Warning: Unexpected any. Specify a different type.  @typescript-eslint/no-explicit-any
50:50  Warning: Unexpected any. Specify a different type.  @typescript-eslint/no-explicit-any

./src/lib/minioService.ts
41:61  Warning: Unexpected any. Specify a different type.  @typescript-eslint/no-explicit-any

./src/lib/simple-auth-middleware.ts
17:34  Warning: 'request' is defined but never used. Allowed unused args must match /^_/u.  @typescript-eslint/no-unused-vars
19:10  Warning: Unexpected any. Specify a different type.  @typescript-eslint/no-explicit-any

./src/lib/storage-service.ts
184:31  Warning: Unexpected any. Specify a different type.  @typescript-eslint/no-explicit-any
226:61  Warning: Unexpected any. Specify a different type.  @typescript-eslint/no-explicit-any
263:25  Warning: Unexpected any. Specify a different type.  @typescript-eslint/no-explicit-any
266:39  Warning: Unexpected any. Specify a different type.  @typescript-eslint/no-explicit-any

./src/lib/temp-password.ts
1:8  Warning: 'crypto' is defined but never used. Allowed unused vars must match /^_/u.  @typescript-eslint/no-unused-vars

./src/types/next-auth.d.ts
1:8  Warning: 'NextAuth' is defined but never used. Allowed unused vars must match /^_/u.  @typescript-eslint/no-unused-vars

info  - Need to disable some ESLint rules? Learn more here: https://nextjs.org/docs/app/api-reference/config/eslint#disabling-rules
   Collecting page data ...
   Generating static pages (0/137) ...
   Generating static pages (34/137) 
   Generating static pages (68/137) 
   Generating static pages (102/137) 
 Γ£ô Generating static pages (137/137)
   Finalizing page optimization ...
   Collecting build traces ...

Route (app)                                                   Size  First Load JS
Γöî Γùï /                                                      11.6 kB         237 kB
Γö£ Γùï /_not-found                                                0 B         163 kB
Γö£ Γùï /admin/donations                                       23.5 kB         205 kB
Γö£ Γùï /aliados-estrategicos                                   4.4 kB         191 kB
Γö£ ╞Æ /api/admin/albums                                          0 B            0 B
Γö£ ╞Æ /api/admin/albums/[id]                                     0 B            0 B
Γö£ ╞Æ /api/admin/albums/[id]/images                              0 B            0 B
Γö£ ╞Æ /api/admin/albums/images/[imageId]                         0 B            0 B
Γö£ ╞Æ /api/admin/albums/upload                                   0 B            0 B
Γö£ ╞Æ /api/admin/check-project-completion                        0 B            0 B
Γö£ ╞Æ /api/admin/complaints                                      0 B            0 B
Γö£ ╞Æ /api/admin/complaints/[id]                                 0 B            0 B
Γö£ ╞Æ /api/admin/contact-messages                                0 B            0 B
Γö£ ╞Æ /api/admin/contact-messages/[id]                           0 B            0 B
Γö£ ╞Æ /api/admin/convocatorias                                   0 B            0 B
Γö£ ╞Æ /api/admin/convocatorias/[id]                              0 B            0 B
Γö£ ╞Æ /api/admin/convocatorias/applications                      0 B            0 B
Γö£ ╞Æ /api/admin/convocatorias/applications/[applicationId]      0 B            0 B
Γö£ ╞Æ /api/admin/convocatorias/upload                            0 B            0 B
Γö£ ╞Æ /api/admin/convocatorias/upload-document                   0 B            0 B
Γö£ ╞Æ /api/admin/image-gallery                                   0 B            0 B
Γö£ ╞Æ /api/admin/image-gallery/[id]                              0 B            0 B
Γö£ ╞Æ /api/admin/image-gallery/upload                            0 B            0 B
Γö£ ╞Æ /api/admin/image-library                                   0 B            0 B
Γö£ ╞Æ /api/admin/image-library/[id]                              0 B            0 B
Γö£ ╞Æ /api/admin/methodologies                                   0 B            0 B
Γö£ ╞Æ /api/admin/programas                                       0 B            0 B
Γö£ ╞Æ /api/admin/programas/[id]                                  0 B            0 B
Γö£ ╞Æ /api/admin/programas/upload                                0 B            0 B
Γö£ ╞Æ /api/admin/projects                                        0 B            0 B
Γö£ ╞Æ /api/admin/users                                           0 B            0 B
Γö£ ╞Æ /api/admin/volunteer-applications                          0 B            0 B
Γö£ ╞Æ /api/admin/volunteer-applications/[id]                     0 B            0 B
Γö£ ╞Æ /api/allies                                                0 B            0 B
Γö£ ╞Æ /api/allies/[id]                                           0 B            0 B
Γö£ ╞Æ /api/allies/[id]/toggle-featured                           0 B            0 B
Γö£ ╞Æ /api/allies/bulk-toggle-status                             0 B            0 B
Γö£ ╞Æ /api/allies/upload                                         0 B            0 B
Γö£ ╞Æ /api/analytics                                             0 B            0 B
Γö£ ╞Æ /api/annual-goals                                          0 B            0 B
Γö£ ╞Æ /api/auth/[...nextauth]                                    0 B            0 B
Γö£ ╞Æ /api/auth/change-password                                  0 B            0 B
Γö£ ╞Æ /api/auth/mandatory-change-password                        0 B            0 B
Γö£ ╞Æ /api/auth/refresh-session                                  0 B            0 B
Γö£ ╞Æ /api/auth/register                                         0 B            0 B
Γö£ ╞Æ /api/auth/simple-change-password                           0 B            0 B
Γö£ ╞Æ /api/auth/validate-password                                0 B            0 B
Γö£ ╞Æ /api/donation-projects                                     0 B            0 B
Γö£ ╞Æ /api/donation-projects/[id]                                0 B            0 B
Γö£ ╞Æ /api/donation-projects/stats                               0 B            0 B
Γö£ ╞Æ /api/donation-projects/upload-qr                           0 B            0 B
Γö£ ╞Æ /api/donation-projects/upload-reference                    0 B            0 B
Γö£ ╞Æ /api/donations                                             0 B            0 B
Γö£ ╞Æ /api/donations/[id]                                        0 B            0 B
Γö£ ╞Æ /api/donations/recent                                      0 B            0 B
Γö£ ╞Æ /api/donations/stats                                       0 B            0 B
Γö£ ╞Æ /api/donations/upload-proof                                0 B            0 B
Γö£ ╞Æ /api/events                                                0 B            0 B
Γö£ ╞Æ /api/events/[id]                                           0 B            0 B
Γö£ ╞Æ /api/events/[id]/toggle-featured                           0 B            0 B
Γö£ ╞Æ /api/events/bulk-toggle-status                             0 B            0 B
Γö£ ╞Æ /api/events/upload                                         0 B            0 B
Γö£ ╞Æ /api/methodologies                                         0 B            0 B
Γö£ ╞Æ /api/methodologies/[id]                                    0 B            0 B
Γö£ ╞Æ /api/methodologies/[id]/galeria                            0 B            0 B
Γö£ ╞Æ /api/methodologies/[id]/toggle-featured                    0 B            0 B
Γö£ ╞Æ /api/methodologies/bulk-toggle-status                      0 B            0 B
Γö£ ╞Æ /api/news                                                  0 B            0 B
Γö£ ╞Æ /api/news/[id]                                             0 B            0 B
Γö£ ╞Æ /api/news/[id]/toggle-featured                             0 B            0 B
Γö£ ╞Æ /api/news/bulk-toggle-status                               0 B            0 B
Γö£ ╞Æ /api/news/upload                                           0 B            0 B
Γö£ ╞Æ /api/programas/[id]/galeria                                0 B            0 B
Γö£ ╞Æ /api/projects                                              0 B            0 B
Γö£ ╞Æ /api/projects/[id]                                         0 B            0 B
Γö£ ╞Æ /api/projects/[id]/galeria                                 0 B            0 B
Γö£ ╞Æ /api/projects/[id]/toggle-featured                         0 B            0 B
Γö£ ╞Æ /api/projects/bulk-toggle-status                           0 B            0 B
Γö£ ╞Æ /api/projects/upload                                       0 B            0 B
Γö£ ╞Æ /api/protected                                             0 B            0 B
Γö£ ╞Æ /api/public/albums                                         0 B            0 B
Γö£ ╞Æ /api/public/albums/[id]                                    0 B            0 B
Γö£ ╞Æ /api/public/allies                                         0 B            0 B
Γö£ ╞Æ /api/public/allies-all                                     0 B            0 B
Γö£ ╞Æ /api/public/complaints                                     0 B            0 B
Γö£ ╞Æ /api/public/complaints/upload-document                     0 B            0 B
Γö£ ╞Æ /api/public/contact                                        0 B            0 B
Γö£ ╞Æ /api/public/convocatorias                                  0 B            0 B
Γö£ ╞Æ /api/public/convocatorias/[id]                             0 B            0 B
Γö£ ╞Æ /api/public/convocatorias/[id]/apply                       0 B            0 B
Γö£ ╞Æ /api/public/convocatorias/upload-document                  0 B            0 B
Γö£ ╞Æ /api/public/donation-projects                              0 B            0 B
Γö£ ╞Æ /api/public/donations                                      0 B            0 B
Γö£ ╞Æ /api/public/events/[id]                                    0 B            0 B
Γö£ ╞Æ /api/public/methodologies                                  0 B            0 B
Γö£ ╞Æ /api/public/methodologies/[id]                             0 B            0 B
Γö£ ╞Æ /api/public/methodologies/upload                           0 B            0 B
Γö£ ╞Æ /api/public/news/[id]                                      0 B            0 B
Γö£ ╞Æ /api/public/news/related                                   0 B            0 B
Γö£ ╞Æ /api/public/programas                                      0 B            0 B
Γö£ ╞Æ /api/public/programas/[id]                                 0 B            0 B
Γö£ ╞Æ /api/public/projects                                       0 B            0 B
Γö£ ╞Æ /api/public/projects/[id]                                  0 B            0 B
Γö£ ╞Æ /api/public/resources                                      0 B            0 B
Γö£ ╞Æ /api/public/resources/[id]                                 0 B            0 B
Γö£ ╞Æ /api/public/stories                                        0 B            0 B
Γö£ ╞Æ /api/public/stories/[id]                                   0 B            0 B
Γö£ ╞Æ /api/public/transparency                                   0 B            0 B
Γö£ ╞Æ /api/public/transparency/[id]                              0 B            0 B
Γö£ ╞Æ /api/public/video-testimonials                             0 B            0 B
Γö£ ╞Æ /api/public/volunteer-applications                         0 B            0 B
Γö£ ╞Æ /api/public/volunteer-applications/upload-document         0 B            0 B
Γö£ ╞Æ /api/resources                                             0 B            0 B
Γö£ ╞Æ /api/resources/[id]                                        0 B            0 B
Γö£ ╞Æ /api/resources/[id]/toggle-featured                        0 B            0 B
Γö£ ╞Æ /api/resources/bulk-toggle-status                          0 B            0 B
Γö£ ╞Æ /api/resources/upload                                      0 B            0 B
Γö£ ╞Æ /api/resources/upload-thumbnail                            0 B            0 B
Γö£ ╞Æ /api/roles                                                 0 B            0 B
Γö£ ╞Æ /api/spaces/delete                                         0 B            0 B
Γö£ ╞Æ /api/spaces/upload-url                                     0 B            0 B
Γö£ ╞Æ /api/stories                                               0 B            0 B
Γö£ ╞Æ /api/stories/[id]                                          0 B            0 B
Γö£ ╞Æ /api/stories/[id]/toggle-status                            0 B            0 B
Γö£ ╞Æ /api/stories/bulk-toggle-status                            0 B            0 B
Γö£ ╞Æ /api/stories/upload                                        0 B            0 B
Γö£ ╞Æ /api/transparency                                          0 B            0 B
Γö£ ╞Æ /api/transparency/[id]                                     0 B            0 B
Γö£ ╞Æ /api/transparency/[id]/toggle-featured                     0 B            0 B
Γö£ ╞Æ /api/transparency/bulk-toggle-status                       0 B            0 B
Γö£ ╞Æ /api/transparency/upload                                   0 B            0 B
Γö£ ╞Æ /api/upload                                                0 B            0 B
Γö£ ╞Æ /api/users                                                 0 B            0 B
Γö£ ╞Æ /api/users/[id]                                            0 B            0 B
Γö£ ╞Æ /api/users/[id]/password                                   0 B            0 B
Γö£ ╞Æ /api/users/[id]/toggle-status                              0 B            0 B
Γö£ ╞Æ /api/users/bulk-toggle-status                              0 B            0 B
Γö£ ╞Æ /api/video-testimonials                                    0 B            0 B
Γö£ ╞Æ /api/video-testimonials/[id]                               0 B            0 B
Γö£ ╞Æ /api/video-testimonials/[id]/toggle-featured               0 B            0 B
Γö£ ╞Æ /api/video-testimonials/[id]/toggle-status                 0 B            0 B
Γö£ ╞Æ /api/video-testimonials/bulk-toggle-status                 0 B            0 B
Γö£ ╞Æ /api/video-testimonials/upload-thumbnail                   0 B            0 B
Γö£ Γùï /auth/sign-in                                          5.53 kB         169 kB
Γö£ Γùï /contacto                                              14.7 kB         240 kB
Γö£ Γùï /convocatorias                                         9.35 kB         190 kB
Γö£ ╞Æ /convocatorias/[id]                                      12 kB         192 kB
Γö£ Γùï /dashboard                                             7.21 kB         206 kB
Γö£ Γùï /dashboard/aliados                                     11.8 kB         228 kB
Γö£ Γùï /dashboard/convocatorias                               17.8 kB         224 kB
Γö£ Γùï /dashboard/convocatorias/postulaciones                 4.73 kB         211 kB
Γö£ Γùï /dashboard/denuncias                                   14.5 kB         221 kB
Γö£ Γùï /dashboard/donaciones                                  16.5 kB         223 kB
Γö£ Γùï /dashboard/eventos                                     12.6 kB         228 kB
Γö£ Γùï /dashboard/galeria-imagenes                            13.1 kB         212 kB
Γö£ Γùï /dashboard/historias                                   18.1 kB         234 kB
Γö£ Γùï /dashboard/imagenes-proyectos                          12.3 kB         219 kB
Γö£ Γùï /dashboard/iniciativas                                 16.7 kB         232 kB
Γö£ Γùï /dashboard/mensajes-contacto                            7.6 kB         214 kB
Γö£ Γùï /dashboard/metas-anuales                               4.93 kB         204 kB
Γö£ Γùï /dashboard/noticias                                    13.9 kB         230 kB
Γö£ Γùï /dashboard/programas                                   15.9 kB         232 kB
Γö£ Γùï /dashboard/proyectos                                   17.1 kB         233 kB
Γö£ Γùï /dashboard/proyectos-donacion                          13.7 kB         220 kB
Γö£ Γùï /dashboard/recursos                                    19.7 kB         226 kB
Γö£ Γùï /dashboard/transparencia                               11.8 kB         218 kB
Γö£ Γùï /dashboard/users                                       20.9 kB         227 kB
Γö£ Γùï /dashboard/videos-testimoniales                        12.4 kB         228 kB
Γö£ Γùï /dashboard/voluntariados                               4.63 kB         211 kB
Γö£ Γùï /donar                                                 10.4 kB         191 kB
Γö£ ╞Æ /donar/[id]                                            11.4 kB         192 kB
Γö£ Γùï /equipo                                                3.73 kB         190 kB
Γö£ ╞Æ /eventos/[id]                                          9.96 kB         190 kB
Γö£ Γùï /historias                                             8.49 kB         189 kB
Γö£ Γùï /historias-impacto                                     5.66 kB         192 kB
Γö£ ╞Æ /historias/[id]                                        9.13 kB         190 kB
Γö£ Γùï /impacto                                               3.96 kB         230 kB
Γö£ Γùï /iniciativas                                           11.2 kB         192 kB
Γö£ ╞Æ /iniciativas/[id]                                      11.6 kB         192 kB
Γö£ ╞Æ /iniciativas/[id]/galeria                              9.37 kB         190 kB
Γö£ Γùï /nosotros                                              12.8 kB         239 kB
Γö£ Γùï /noticias-eventos                                      11.1 kB         192 kB
Γö£ ╞Æ /noticias/[id]                                         9.25 kB         190 kB
Γö£ Γùï /participar                                            2.25 kB         189 kB
Γö£ Γùï /programas                                             3.44 kB         190 kB
Γö£ ╞Æ /programas/[id]                                        11.7 kB         192 kB
Γö£ ╞Æ /programas/[id]/galeria                                9.37 kB         190 kB
Γö£ Γùï /proyectos                                              9.2 kB         190 kB
Γö£ ╞Æ /proyectos/[id]                                        11.3 kB         192 kB
Γö£ ╞Æ /proyectos/[id]/galeria                                9.36 kB         190 kB
Γö£ Γùï /recursos                                              14.9 kB         195 kB
Γö£ Γùï /sign-in                                               9.87 kB         173 kB
Γö£ Γùï /sign-up                                               5.97 kB         169 kB
Γö£ Γùï /transparencia                                         11.8 kB         192 kB
Γöö Γùï /voluntariados                                         15.1 kB         195 kB
+ First Load JS shared by all                               180 kB
  Γö£ chunks/0582d777eef9f1a6.js                             12.5 kB
  Γö£ chunks/150316a471952cee.js                             59.2 kB
  Γö£ chunks/2008ffcf9e5b170c.js                               13 kB
  Γö£ chunks/75e39eeb2b370f9f.js                             17.2 kB
  Γö£ chunks/877eca7e963e9895.js                             12.9 kB
  Γö£ chunks/ce17930012707c5f.js                             13.3 kB
  Γö£ chunks/4e13d8874e1458fa.css                            16.9 kB
  Γöö other shared chunks (total)                            35.2 kB


╞Æ Middleware                                                 60 kB

Γùï  (Static)   prerendered as static content
╞Æ  (Dynamic)  server-rendered on demand

